app/api/admin/hostels/route.ts(30,35): error TS2339: Property 'query' does not exist on type 'Firestore'.
app/api/admin/hostels/route.ts(32,50): error TS7006: Parameter 'r' implicitly has an 'any' type.
app/api/applications/[id]/review/route.ts(12,31): error TS2339: Property 'connect' does not exist on type 'Firestore'.
app/api/applications/apply/route.ts(9,31): error TS2339: Property 'connect' does not exist on type 'Firestore'.
app/api/applications/hostel/[id]/route.ts(12,32): error TS2339: Property 'query' does not exist on type 'Firestore'.
app/api/applications/hostel/[id]/route.ts(26,43): error TS7006: Parameter 'row' implicitly has an 'any' type.
app/api/applications/my-applications/route.ts(10,45): error TS2339: Property 'query' does not exist on type 'Firestore'.
app/api/applications/my-applications/route.ts(23,35): error TS2339: Property 'query' does not exist on type 'Firestore'.
app/api/applications/my-applications/route.ts(31,46): error TS7006: Parameter 'row' implicitly has an 'any' type.
app/api/communities/route.ts(6,35): error TS2339: Property 'query' does not exist on type 'Firestore'.
app/api/communities/route.ts(7,50): error TS7006: Parameter 'r' implicitly has an 'any' type.
app/api/communities/route.ts(19,35): error TS2339: Property 'query' does not exist on type 'Firestore'.
app/api/complaints/[id]/assign/route.ts(13,35): error TS2339: Property 'query' does not exist on type 'Firestore'.
app/api/complaints/[id]/resolve/route.ts(13,35): error TS2339: Property 'query' does not exist on type 'Firestore'.
app/api/complaints/[id]/route.ts(36,35): error TS2339: Property 'query' does not exist on type 'Firestore'.
app/api/complaints/route.ts(15,49): error TS2339: Property 'query' does not exist on type 'Firestore'.
app/api/complaints/route.ts(46,32): error TS2339: Property 'query' does not exist on type 'Firestore'.
app/api/complaints/route.ts(48,41): error TS7006: Parameter 'row' implicitly has an 'any' type.
app/api/complaints/route.ts(78,45): error TS2339: Property 'query' does not exist on type 'Firestore'.
app/api/complaints/route.ts(88,32): error TS2339: Property 'query' does not exist on type 'Firestore'.
app/api/dashboard/route.ts(10,45): error TS2339: Property 'query' does not exist on type 'Firestore'.
app/api/dashboard/route.ts(23,18): error TS2339: Property 'query' does not exist on type 'Firestore'.
app/api/dashboard/route.ts(32,18): error TS2339: Property 'query' does not exist on type 'Firestore'.
app/api/dashboard/route.ts(41,18): error TS2339: Property 'query' does not exist on type 'Firestore'.
app/api/dashboard/route.ts(50,18): error TS2339: Property 'query' does not exist on type 'Firestore'.
app/api/dashboard/route.ts(79,57): error TS7006: Parameter 'c' implicitly has an 'any' type.
app/api/dashboard/route.ts(87,51): error TS7006: Parameter 'n' implicitly has an 'any' type.
app/api/hostels/[id]/comments/[commentId]/reply/route.ts(14,35): error TS2339: Property 'query' does not exist on type 'Firestore'.
app/api/hostels/[id]/comments/route.ts(13,35): error TS2339: Property 'query' does not exist on type 'Firestore'.
app/api/hostels/[id]/comments/route.ts(34,35): error TS2339: Property 'query' does not exist on type 'Firestore'.
app/api/hostels/[id]/comments/route.ts(42,50): error TS7006: Parameter 'r' implicitly has an 'any' type.
app/api/hostels/[id]/reviews/[reviewId]/helpful/route.ts(11,35): error TS2339: Property 'query' does not exist on type 'Firestore'.
app/api/hostels/[id]/reviews/route.ts(11,39): error TS2339: Property 'query' does not exist on type 'Firestore'.
app/api/hostels/[id]/reviews/route.ts(16,37): error TS2339: Property 'query' does not exist on type 'Firestore'.
app/api/hostels/[id]/reviews/route.ts(24,42): error TS7006: Parameter 'r' implicitly has an 'any' type.
app/api/hostels/[id]/reviews/route.ts(38,31): error TS2339: Property 'connect' does not exist on type 'Firestore'.
app/api/mess-menu/[id]/rate/route.ts(16,35): error TS2339: Property 'query' does not exist on type 'Firestore'.
app/api/mess-menu/route.ts(31,32): error TS2339: Property 'query' does not exist on type 'Firestore'.
app/api/mess-menu/route.ts(40,42): error TS7006: Parameter 'row' implicitly has an 'any' type.
app/api/mess-menu/route.ts(68,32): error TS2339: Property 'query' does not exist on type 'Firestore'.
app/api/mess-menu/week/route.ts(32,35): error TS2339: Property 'query' does not exist on type 'Firestore'.
app/api/mess-menu/week/route.ts(40,39): error TS7006: Parameter 'row' implicitly has an 'any' type.
app/api/notices/[id]/acknowledge/route.ts(14,35): error TS2339: Property 'query' does not exist on type 'Firestore'.
app/api/notices/[id]/route.ts(36,35): error TS2339: Property 'query' does not exist on type 'Firestore'.
app/api/notices/[id]/route.ts(67,35): error TS2339: Property 'query' does not exist on type 'Firestore'.
app/api/notices/[id]/stats/route.ts(11,48): error TS2339: Property 'query' does not exist on type 'Firestore'.
app/api/notices/route.ts(33,35): error TS2339: Property 'query' does not exist on type 'Firestore'.
app/api/notices/route.ts(35,41): error TS7006: Parameter 'row' implicitly has an 'any' type.
app/api/notices/route.ts(65,32): error TS2339: Property 'query' does not exist on type 'Firestore'.
app/api/stories/route.ts(23,35): error TS2339: Property 'query' does not exist on type 'Firestore'.
app/api/stories/route.ts(25,41): error TS7006: Parameter 'row' implicitly has an 'any' type.
app/api/stories/route.ts(43,35): error TS2339: Property 'query' does not exist on type 'Firestore'.
app/api/student/onboarding/route.ts(11,27): error TS2339: Property 'role' does not exist on type 'string | JwtPayload'.
  Property 'role' does not exist on type 'string'.
app/api/student/onboarding/route.ts(18,29): error TS2339: Property 'connect' does not exist on type 'Firestore'.
app/api/student/onboarding/route.ts(21,99): error TS2339: Property 'id' does not exist on type 'string | JwtPayload'.
  Property 'id' does not exist on type 'string'.
app/api/student/onboarding/route.ts(21,110): error TS2339: Property '_id' does not exist on type 'string | JwtPayload'.
  Property '_id' does not exist on type 'string'.
app/api/students/[id]/pay/route.ts(15,43): error TS2339: Property 'query' does not exist on type 'Firestore'.
app/api/students/[id]/pay/route.ts(27,35): error TS2339: Property 'query' does not exist on type 'Firestore'.
app/api/students/[id]/roommates/route.ts(15,43): error TS2339: Property 'query' does not exist on type 'Firestore'.
app/api/students/[id]/roommates/route.ts(28,39): error TS2339: Property 'query' does not exist on type 'Firestore'.
app/api/students/[id]/roommates/route.ts(39,41): error TS2339: Property 'query' does not exist on type 'Firestore'.
app/api/students/[id]/roommates/route.ts(50,46): error TS7006: Parameter 'r' implicitly has an 'any' type.
app/api/students/[id]/route.ts(16,47): error TS2339: Property 'query' does not exist on type 'Firestore'.
app/api/students/[id]/route.ts(30,35): error TS2339: Property 'query' does not exist on type 'Firestore'.
app/api/students/[id]/route.ts(94,43): error TS2339: Property 'query' does not exist on type 'Firestore'.
app/api/students/[id]/route.ts(141,35): error TS2339: Property 'query' does not exist on type 'Firestore'.
app/api/warden/dashboard/route.ts(15,44): error TS2339: Property 'query' does not exist on type 'Firestore'.
app/api/warden/dashboard/route.ts(19,57): error TS7006: Parameter 'b' implicitly has an 'any' type.
app/api/warden/dashboard/route.ts(34,42): error TS2339: Property 'query' does not exist on type 'Firestore'.
app/api/warden/dashboard/route.ts(41,44): error TS2339: Property 'query' does not exist on type 'Firestore'.
app/api/warden/dashboard/route.ts(48,40): error TS2339: Property 'query' does not exist on type 'Firestore'.
app/api/warden/dashboard/route.ts(55,34): error TS7006: Parameter 'row' implicitly has an 'any' type.
app/api/warden/dashboard/route.ts(61,41): error TS2339: Property 'query' does not exist on type 'Firestore'.
app/api/warden/dashboard/route.ts(68,54): error TS7006: Parameter 'block' implicitly has an 'any' type.
app/api/warden/dashboard/route.ts(79,44): error TS2339: Property 'query' does not exist on type 'Firestore'.
app/api/warden/dashboard/route.ts(93,55): error TS7006: Parameter 'row' implicitly has an 'any' type.
components/FeaturedHostels.tsx(12,32): error TS2339: Property 'query' does not exist on type 'Firestore'.
components/FeaturedHostels.tsx(20,32): error TS7006: Parameter 'row' implicitly has an 'any' type.
